a:\prjcts\pwmngr\pwmngr2.2.1\pwmngr2.2.1\x64\release\vc143.pdb
a:\prjcts\pwmngr\pwmngr2.2.1\pwmngr2.2.1\x64\release\imgui_tables.obj
a:\prjcts\pwmngr\pwmngr2.2.1\pwmngr2.2.1\x64\release\imgui_stdlib.obj
a:\prjcts\pwmngr\pwmngr2.2.1\pwmngr2.2.1\x64\release\imgui_impl_win32.obj
a:\prjcts\pwmngr\pwmngr2.2.1\pwmngr2.2.1\x64\release\imgui_impl_dx11.obj
a:\prjcts\pwmngr\pwmngr2.2.1\pwmngr2.2.1\x64\release\imgui_draw.obj
a:\prjcts\pwmngr\pwmngr2.2.1\pwmngr2.2.1\x64\release\imgui_demo.obj
a:\prjcts\pwmngr\pwmngr2.2.1\pwmngr2.2.1\x64\release\imgui.obj
a:\prjcts\pwmngr\pwmngr2.2.1\pwmngr2.2.1\x64\release\gui.obj
a:\prjcts\pwmngr\pwmngr2.2.1\pwmngr2.2.1\x64\release\favicon.obj
a:\prjcts\pwmngr\pwmngr2.2.1\pwmngr2.2.1\x64\release\font_awesome.obj
a:\prjcts\pwmngr\pwmngr2.2.1\pwmngr2.2.1\x64\release\icon_font.obj
a:\prjcts\pwmngr\pwmngr2.2.1\pwmngr2.2.1\x64\release\kdbx_export.obj
a:\prjcts\pwmngr\pwmngr2.2.1\pwmngr2.2.1\x64\release\pwm_file.obj
a:\prjcts\pwmngr\pwmngr2.2.1\pwmngr2.2.1\x64\release\enc_credential.obj
a:\prjcts\pwmngr\pwmngr2.2.1\pwmngr2.2.1\x64\release\aes.obj
a:\prjcts\pwmngr\pwmngr2.2.1\pwmngr2.2.1\x64\release\twofa_ops.obj
a:\prjcts\pwmngr\pwmngr2.2.1\pwmngr2.2.1\x64\release\credential_ops.obj
a:\prjcts\pwmngr\pwmngr2.2.1\pwmngr2.2.1\x64\release\vault_db.obj
a:\prjcts\pwmngr\pwmngr2.2.1\pwmngr2.2.1\x64\release\cfg.obj
a:\prjcts\pwmngr\pwmngr2.2.1\pwmngr2.2.1\x64\release\application.obj
a:\prjcts\pwmngr\pwmngr2.2.1\pwmngr2.2.1\x64\release\local_server.obj
a:\prjcts\pwmngr\pwmngr2.2.1\pwmngr2.2.1\x64\release\sync_manager.obj
a:\prjcts\pwmngr\pwmngr2.2.1\pwmngr2.2.1\x64\release\auth_crypto.obj
a:\prjcts\pwmngr\pwmngr2.2.1\pwmngr2.2.1\x64\release\qrcodegen.obj
a:\prjcts\pwmngr\pwmngr2.2.1\pwmngr2.2.1\x64\release\totp.obj
a:\prjcts\pwmngr\pwmngr2.2.1\pwmngr2.2.1\x64\release\helpers.obj
a:\prjcts\pwmngr\pwmngr2.2.1\pwmngr2.2.1\x64\release\ui.obj
a:\prjcts\pwmngr\pwmngr2.2.1\pwmngr2.2.1\x64\release\main.obj
a:\prjcts\pwmngr\pwmngr2.2.1\pwmngr2.2.1\x64\release\imgui_widgets.obj
a:\prjcts\pwmngr\pwmngr2.2.1\pwmngr2.2.1\x64\release\sqlite3.obj
a:\prjcts\pwmngr\pwmngr2.2.1\x64\release\pwmngr2.2.1.exe
a:\prjcts\pwmngr\pwmngr2.2.1\x64\release\pwmngr2.2.1.pdb
a:\prjcts\pwmngr\pwmngr2.2.1\pwmngr2.2.1\x64\release\resources.res
a:\prjcts\pwmngr\pwmngr2.2.1\pwmngr2.2.1\x64\release\pwmngr2.2.1.ipdb
a:\prjcts\pwmngr\pwmngr2.2.1\pwmngr2.2.1\x64\release\pwmngr2.2.1.iobj
a:\prjcts\pwmngr\pwmngr2.2.1\pwmngr2.2.1\x64\release\pwmngr2.2.1.tlog\cl.command.1.tlog
a:\prjcts\pwmngr\pwmngr2.2.1\pwmngr2.2.1\x64\release\pwmngr2.2.1.tlog\cl.items.tlog
a:\prjcts\pwmngr\pwmngr2.2.1\pwmngr2.2.1\x64\release\pwmngr2.2.1.tlog\cl.read.1.tlog
a:\prjcts\pwmngr\pwmngr2.2.1\pwmngr2.2.1\x64\release\pwmngr2.2.1.tlog\cl.write.1.tlog
a:\prjcts\pwmngr\pwmngr2.2.1\pwmngr2.2.1\x64\release\pwmngr2.2.1.tlog\link.command.1.tlog
a:\prjcts\pwmngr\pwmngr2.2.1\pwmngr2.2.1\x64\release\pwmngr2.2.1.tlog\link.read.1.tlog
a:\prjcts\pwmngr\pwmngr2.2.1\pwmngr2.2.1\x64\release\pwmngr2.2.1.tlog\link.secondary.1.tlog
a:\prjcts\pwmngr\pwmngr2.2.1\pwmngr2.2.1\x64\release\pwmngr2.2.1.tlog\link.write.1.tlog
a:\prjcts\pwmngr\pwmngr2.2.1\pwmngr2.2.1\x64\release\pwmngr2.2.1.tlog\rc.command.1.tlog
a:\prjcts\pwmngr\pwmngr2.2.1\pwmngr2.2.1\x64\release\pwmngr2.2.1.tlog\rc.read.1.tlog
a:\prjcts\pwmngr\pwmngr2.2.1\pwmngr2.2.1\x64\release\pwmngr2.2.1.tlog\rc.write.1.tlog
